../Src/main.c:71:5:main	8	static
../Src/main.c:94:6:Idle_Task	4	static
../Src/main.c:100:6:Task1_Handler	16	static
../Src/main.c:113:6:Task2_Handler	16	static
../Src/main.c:126:6:Task3_Handler	16	static
../Src/main.c:139:6:Task4_Handler	16	static
../Src/main.c:152:6:Enable_Processor_Faults	16	static
../Src/main.c:161:6:Init_Systick_Timer	32	static
../Src/main.c:185:29:Init_Scheduler_Stack	0	static,ignoring_inline_asm
../Src/main.c:194:6:Init_Task_Stacks	24	static
../Src/main.c:239:29:Switch_To_PSP	0	static,ignoring_inline_asm
../Src/main.c:263:6:Save_PSP_Value	16	static
../Src/main.c:268:10:Get_PSP_Value	4	static
../Src/main.c:273:6:Update_Next_Task	4	static
../Src/main.c:283:6:Task_Delay	16	static,ignoring_inline_asm
../Src/main.c:302:6:Schedule	16	static
../Src/main.c:310:6:Update_Global_Tick_Count	4	static
../Src/main.c:315:6:Unblock_Task	16	static
../Src/main.c:329:6:SysTick_Handler	16	static
../Src/main.c:344:29:PendSV_Handler	0	static,ignoring_inline_asm
../Src/main.c:387:6:MemManage_Handler	8	static
../Src/main.c:394:6:BusFault_Handler	8	static
../Src/main.c:401:6:UsageFault_Handler	8	static
../Src/main.c:408:6:HardFault_Handler	8	static
