../Src/onboard_leds.c:7:13:Basic_Init	4	static
../Src/onboard_leds.c:12:6:Init_Onboard_LEDs	8	static
../Src/onboard_leds.c:20:6:Green_LED_Init	8	static
../Src/onboard_leds.c:30:6:Orange_LED_Init	8	static
../Src/onboard_leds.c:40:6:Red_LED_Init	8	static
../Src/onboard_leds.c:50:6:Blue_LED_Init	8	static
../Src/onboard_leds.c:60:6:All_LEDs_On	8	static
../Src/onboard_leds.c:68:6:All_LEDs_Off	8	static
../Src/onboard_leds.c:76:6:All_LEDs_Toggle	8	static
../Src/onboard_leds.c:84:6:Green_LED_On	4	static
../Src/onboard_leds.c:90:6:Green_LED_Off	4	static
../Src/onboard_leds.c:96:6:Green_LED_Toggle	4	static
../Src/onboard_leds.c:102:6:Orange_LED_On	4	static
../Src/onboard_leds.c:108:6:Orange_LED_Off	4	static
../Src/onboard_leds.c:114:6:Orange_LED_Toggle	4	static
../Src/onboard_leds.c:120:6:Red_LED_On	4	static
../Src/onboard_leds.c:126:6:Red_LED_Off	4	static
../Src/onboard_leds.c:132:6:Red_LED_Toggle	4	static
../Src/onboard_leds.c:138:6:Blue_LED_On	4	static
../Src/onboard_leds.c:144:6:Blue_LED_Off	4	static
../Src/onboard_leds.c:150:6:Blue_LED_Toggle	4	static
