../Src/main.c:48:5:main	8	static
../Src/main.c:74:6:task1_handler	8	static
../Src/main.c:82:6:task2_handler	8	static
../Src/main.c:90:6:task3_handler	8	static
../Src/main.c:98:6:task4_handler	8	static
../Src/main.c:106:6:enableProcessorFaults	16	static
../Src/main.c:115:6:initSystickTimer	32	static
../Src/main.c:139:29:initSchedulerStack	0	static,ignoring_inline_asm
../Src/main.c:148:6:initTaskStacks	24	static
../Src/main.c:176:29:switchToPSP	0	static,ignoring_inline_asm
../Src/main.c:200:10:getPSPValue	4	static
../Src/main.c:205:6:SysTick_Handler	4	static
