
Memory Configuration

Name             Origin             Length             Attributes
FLASH            0x08000000         0x00080000         xr
SRAM             0x20000000         0x00020000         xrw
*default*        0x00000000         0xffffffff

Linker script and memory map

LOAD main.o
LOAD onboard_leds.o
LOAD stm32_startup.o

.text           0x08000000      0x97c
 *(.isr_vector)
 .isr_vector    0x08000000      0x198 stm32_startup.o
                0x08000000                vectors
 *(.text)
 .text          0x08000198      0x4dc main.o
                0x08000198                main
                0x080001c8                Idle_Task
                0x080001d0                Task1_Handler
                0x080001f8                Task2_Handler
                0x08000220                Task3_Handler
                0x08000248                Task4_Handler
                0x08000270                Enable_Processor_Faults
                0x080002ac                Init_Systick_Timer
                0x0800031c                Init_Scheduler_Stack
                0x08000326                Init_Task_Stacks
                0x0800042c                Switch_To_PSP
                0x08000446                Save_PSP_Value
                0x08000470                Get_PSP_Value
                0x08000494                Update_Next_Task
                0x080004f8                Task_Delay
                0x08000560                Schedule
                0x08000584                Update_Global_Tick_Count
                0x080005a0                Unblock_Task
                0x08000600                SysTick_Handler
                0x0800062c                PendSV_Handler
                0x08000652                MemManage_Handler
                0x0800065a                BusFault_Handler
                0x08000662                UsageFault_Handler
                0x0800066a                HardFault_Handler
 .text          0x08000674      0x26c onboard_leds.o
                0x08000690                Init_Onboard_LEDs
                0x080006a8                Green_LED_Init
                0x080006d0                Orange_LED_Init
                0x080006f8                Red_LED_Init
                0x08000720                Blue_LED_Init
                0x08000748                All_LEDs_On
                0x08000760                All_LEDs_Off
                0x08000778                All_LEDs_Toggle
                0x08000790                Green_LED_On
                0x080007ac                Green_LED_Off
                0x080007c8                Green_LED_Toggle
                0x080007e4                Orange_LED_On
                0x08000800                Orange_LED_Off
                0x0800081c                Orange_LED_Toggle
                0x08000838                Red_LED_On
                0x08000854                Red_LED_Off
                0x08000870                Red_LED_Toggle
                0x0800088c                Blue_LED_On
                0x080008a8                Blue_LED_Off
                0x080008c4                Blue_LED_Toggle
 .text          0x080008e0       0x90 stm32_startup.o
                0x080008e0                RTC_Alarm_IRQHandler
                0x080008e0                EXTI2_IRQHandler
                0x080008e0                DebugMon_Handler
                0x080008e0                SPI4_IRQHandler
                0x080008e0                TIM1_CC_IRQHandler
                0x080008e0                DMA2_Stream5_IRQHandler
                0x080008e0                DMA1_Stream5_IRQHandler
                0x080008e0                PVD_IRQHandler
                0x080008e0                SDIO_IRQHandler
                0x080008e0                TAMP_STAMP_IRQHandler
                0x080008e0                NMI_Handler
                0x080008e0                EXTI3_IRQHandler
                0x080008e0                TIM1_UP_TIM10_IRQHandler
                0x080008e0                I2C3_ER_IRQHandler
                0x080008e0                EXTI0_IRQHandler
                0x080008e0                I2C2_EV_IRQHandler
                0x080008e0                DMA1_Stream2_IRQHandler
                0x080008e0                FPU_IRQHandler
                0x080008e0                DMA2_Stream2_IRQHandler
                0x080008e0                SPI1_IRQHandler
                0x080008e0                TIM1_BRK_TIM9_IRQHandler
                0x080008e0                DMA2_Stream3_IRQHandler
                0x080008e0                USART6_IRQHandler
                0x080008e0                DMA2_Stream6_IRQHandler
                0x080008e0                DMA2_Stream0_IRQHandler
                0x080008e0                TIM4_IRQHandler
                0x080008e0                I2C1_EV_IRQHandler
                0x080008e0                DMA1_Stream6_IRQHandler
                0x080008e0                DMA1_Stream1_IRQHandler
                0x080008e0                TIM3_IRQHandler
                0x080008e0                RCC_IRQHandler
                0x080008e0                Default_Handler
                0x080008e0                EXTI15_10_IRQHandler
                0x080008e0                ADC_IRQHandler
                0x080008e0                DMA1_Stream7_IRQHandler
                0x080008e0                SPI5_IRQHandler
                0x080008e0                TIM5_IRQHandler
                0x080008e0                DMA2_Stream7_IRQHandler
                0x080008e0                I2C3_EV_IRQHandler
                0x080008e0                EXTI9_5_IRQHandler
                0x080008e0                RTC_WKUP_IRQHandler
                0x080008e0                SPI2_IRQHandler
                0x080008e0                DMA1_Stream0_IRQHandler
                0x080008e0                SVC_Handler
                0x080008e0                EXTI4_IRQHandler
                0x080008e0                WWDG_IRQHandler
                0x080008e0                TIM2_IRQHandler
                0x080008e0                OTG_FS_WKUP_IRQHandler
                0x080008e0                TIM1_TRG_COM_TIM11_IRQHandler
                0x080008e0                EXTI1_IRQHandler
                0x080008e0                USART2_IRQHandler
                0x080008e0                I2C2_ER_IRQHandler
                0x080008e0                DMA2_Stream1_IRQHandler
                0x080008e0                FLASH_IRQHandler
                0x080008e0                DMA2_Stream4_IRQHandler
                0x080008e0                USART1_IRQHandler
                0x080008e0                OTG_FS_IRQHandler
                0x080008e0                SPI3_IRQHandler
                0x080008e0                DMA1_Stream4_IRQHandler
                0x080008e0                I2C1_ER_IRQHandler
                0x080008e0                DMA1_Stream3_IRQHandler
                0x080008e8                Reset_Handler
 *(.rodata)
 .rodata        0x08000970        0xc onboard_leds.o
                0x0800097c                        . = ALIGN (0x4)
                0x0800097c                        end_of_text = .

.glue_7         0x0800097c        0x0
 .glue_7        0x0800097c        0x0 linker stubs

.glue_7t        0x0800097c        0x0
 .glue_7t       0x0800097c        0x0 linker stubs

.vfp11_veneer   0x0800097c        0x0
 .vfp11_veneer  0x0800097c        0x0 linker stubs

.v4_bx          0x0800097c        0x0
 .v4_bx         0x0800097c        0x0 linker stubs

.iplt           0x0800097c        0x0
 .iplt          0x0800097c        0x0 main.o

.rel.dyn        0x0800097c        0x0
 .rel.iplt      0x0800097c        0x0 main.o

.data           0x20000000        0x4 load address 0x0800097c
                0x20000000                        start_of_data = .
 *(.data)
 .data          0x20000000        0x1 main.o
                0x20000000                current_task
 .data          0x20000001        0x0 onboard_leds.o
 .data          0x20000001        0x0 stm32_startup.o
                0x20000004                        . = ALIGN (0x4)
 *fill*         0x20000001        0x3 
                0x20000004                        end_of_data = .

.igot.plt       0x20000004        0x0 load address 0x08000980
 .igot.plt      0x20000004        0x0 main.o

.bss            0x20000004       0x54 load address 0x08000980
                0x20000004                        start_of_bss = .
 *(.bss)
 .bss           0x20000004       0x54 main.o
                0x20000004                g_tick_count
                0x20000008                user_tasks
 .bss           0x20000058        0x0 onboard_leds.o
 .bss           0x20000058        0x0 stm32_startup.o
                0x20000058                        . = ALIGN (0x4)
                0x20000058                        end_of_bss = .
OUTPUT(final.elf elf32-littlearm)
LOAD linker stubs

.comment        0x00000000       0x45
 .comment       0x00000000       0x45 main.o
                                 0x46 (size before relaxing)
 .comment       0x00000045       0x46 onboard_leds.o
 .comment       0x00000045       0x46 stm32_startup.o

.ARM.attributes
                0x00000000       0x2e
 .ARM.attributes
                0x00000000       0x2e main.o
 .ARM.attributes
                0x0000002e       0x2e onboard_leds.o
 .ARM.attributes
                0x0000005c       0x2e stm32_startup.o
